
> enterprise-portfolio@0.0.0 build
> vite build

[36mvite v5.4.21 [32mbuilding for production...[36m[39m
transforming...
[32mΓ£ô[39m 5 modules transformed.
node.exe : [31mx[39m 
Build failed in 1.32s
At C:\Program 
Files\nodejs\npm.ps1:29 
char:3
+   & $NODE_EXE $NPM_CLI_JS 
$args
+   ~~~~~~~~~~~~~~~~~~~~~~~~
~~~~~
    + CategoryInfo          
    : NotSpecified: ([31m  
  x[39m Build failed in    
 1.32s:String) [], Remot    
eException
    + FullyQualifiedErrorId 
    : NativeCommandError
 
[31merror during build:
[31m[vite:css] [postcss] C:
/Users/hp/OneDrive/Pictures/
portfolio/src/index.css:1:1:
 The `border-border` class 
does not exist. If 
`border-border` is a custom 
class, make sure it is 
defined within a `@layer` 
directive.[31m
file: [36mC:/Users/hp/OneDr
ive/Pictures/portfolio/src/i
ndex.css:1:0[31m
    at Input.error (C:\Users
\hp\OneDrive\Pictures\portfo
lio\node_modules\postcss\lib
\input.js:135:16)
    at AtRule.error (C:\User
s\hp\OneDrive\Pictures\portf
olio\node_modules\postcss\li
b\node.js:146:32)
    at processApply (C:\User
s\hp\OneDrive\Pictures\portf
olio\node_modules\tailwindcs
s\lib\lib\expandApplyAtRules
.js:380:29)
    at C:\Users\hp\OneDrive\
Pictures\portfolio\node_modu
les\tailwindcss\lib\lib\expa
ndApplyAtRules.js:551:9
    at C:\Users\hp\OneDrive\
Pictures\portfolio\node_modu
les\tailwindcss\lib\processT
ailwindFeatures.js:55:50
    at async plugins (C:\Use
rs\hp\OneDrive\Pictures\port
folio\node_modules\tailwindc
ss\lib\plugin.js:38:17)
    at async 
LazyResult.runAsync (C:\User
s\hp\OneDrive\Pictures\portf
olio\node_modules\postcss\li
b\lazy-result.js:293:11)
    at async compileCSS (fil
e:///C:/Users/hp/OneDrive/Pi
ctures/portfolio/node_module
s/vite/dist/node/chunks/dep-
BK3b2jBa.js:36898:21)
    at async 
Object.transform (file:///C:
/Users/hp/OneDrive/Pictures/
portfolio/node_modules/vite/
dist/node/chunks/dep-BK3b2jB
a.js:36171:11)
    at async transform (file
:///C:/Users/hp/OneDrive/Pic
tures/portfolio/node_modules
/rollup/dist/es/shared/node-
entry.js:21246:16)[39m
